../models/synthetic/s123/random_mc2_n12_mid3_d1000_05_mr098_r10_154.uai
../models/synthetic/s123/random_mc2_n5_mid3_d1000_05_mr098_r10_100.uai
../models/synthetic/s123/random_mc2_n5_mid3_d1000_05_mr098_r10_102.uai
../models/synthetic/s123/random_mc2_n5_mid3_d1000_05_mr098_r10_103.uai
../models/synthetic/s123/random_mc2_n5_mid3_d1000_05_mr098_r10_104.uai
../models/synthetic/s123/random_mc2_n5_mid3_d1000_05_mr098_r10_105.uai
../models/synthetic/s123/random_mc2_n5_mid3_d1000_05_mr098_r10_107.uai
../models/synthetic/s123/random_mc2_n5_mid3_d1000_05_mr098_r10_109.uai
../models/synthetic/s123/random_mc2_n5_mid3_d1000_05_mr098_r10_10.uai
../models/synthetic/s123/random_mc2_n5_mid3_d1000_05_mr098_r10_110.uai
../models/synthetic/s123/random_mc2_n5_mid3_d1000_05_mr098_r10_111.uai
../models/synthetic/s123/random_mc2_n5_mid3_d1000_05_mr098_r10_112.uai
../models/synthetic/s123/random_mc2_n5_mid3_d1000_05_mr098_r10_113.uai
../models/synthetic/s123/random_mc2_n5_mid3_d1000_05_mr098_r10_114.uai
../models/synthetic/s123/random_mc2_n5_mid3_d1000_05_mr098_r10_115.uai
../models/synthetic/s123/random_mc2_n5_mid3_d1000_05_mr098_r10_116.uai
../models/synthetic/s123/random_mc2_n5_mid3_d1000_05_mr098_r10_117.uai
../models/synthetic/s123/random_mc2_n5_mid3_d1000_05_mr098_r10_118.uai
../models/synthetic/s123/random_mc2_n5_mid3_d1000_05_mr098_r10_119.uai
../models/synthetic/s123/random_mc2_n5_mid3_d1000_05_mr098_r10_11.uai
../models/synthetic/s123/random_mc2_n5_mid3_d1000_05_mr098_r10_120.uai
../models/synthetic/s123/random_mc2_n5_mid3_d1000_05_mr098_r10_121.uai
../models/synthetic/s123/random_mc2_n5_mid3_d1000_05_mr098_r10_122.uai
../models/synthetic/s123/random_mc2_n5_mid3_d1000_05_mr098_r10_124.uai
../models/synthetic/s123/random_mc2_n5_mid3_d1000_05_mr098_r10_125.uai
../models/synthetic/s123/random_mc2_n5_mid3_d1000_05_mr098_r10_126.uai
../models/synthetic/s123/random_mc2_n5_mid3_d1000_05_mr098_r10_127.uai
../models/synthetic/s123/random_mc2_n5_mid3_d1000_05_mr098_r10_128.uai
../models/synthetic/s123/random_mc2_n5_mid3_d1000_05_mr098_r10_129.uai
../models/synthetic/s123/random_mc2_n5_mid3_d1000_05_mr098_r10_12.uai
../models/synthetic/s123/random_mc2_n5_mid3_d1000_05_mr098_r10_130.uai
../models/synthetic/s123/random_mc2_n5_mid3_d1000_05_mr098_r10_131.uai
../models/synthetic/s123/random_mc2_n5_mid3_d1000_05_mr098_r10_132.uai
../models/synthetic/s123/random_mc2_n5_mid3_d1000_05_mr098_r10_137.uai
../models/synthetic/s123/random_mc2_n5_mid3_d1000_05_mr098_r10_138.uai
../models/synthetic/s123/random_mc2_n5_mid3_d1000_05_mr098_r10_140.uai
../models/synthetic/s123/random_mc2_n5_mid3_d1000_05_mr098_r10_141.uai
../models/synthetic/s123/random_mc2_n5_mid3_d1000_05_mr098_r10_144.uai
../models/synthetic/s123/random_mc2_n5_mid3_d1000_05_mr098_r10_149.uai
../models/synthetic/s123/random_mc2_n5_mid3_d1000_05_mr098_r10_150.uai
../models/synthetic/s123/random_mc2_n5_mid3_d1000_05_mr098_r10_151.uai
../models/synthetic/s123/random_mc2_n5_mid3_d1000_05_mr098_r10_152.uai
../models/synthetic/s123/random_mc2_n5_mid3_d1000_05_mr098_r10_153.uai
../models/synthetic/s123/random_mc2_n5_mid3_d1000_05_mr098_r10_154.uai
../models/synthetic/s123/random_mc2_n5_mid3_d1000_05_mr098_r10_155.uai
../models/synthetic/s123/random_mc2_n5_mid3_d1000_05_mr098_r10_156.uai
../models/synthetic/s123/random_mc2_n5_mid3_d1000_05_mr098_r10_157.uai
../models/synthetic/s123/random_mc2_n5_mid3_d1000_05_mr098_r10_159.uai
../models/synthetic/s123/random_mc2_n5_mid3_d1000_05_mr098_r10_15.uai
../models/synthetic/s123/random_mc2_n5_mid3_d1000_05_mr098_r10_160.uai
../models/synthetic/s123/random_mc2_n5_mid3_d1000_05_mr098_r10_161.uai
../models/synthetic/s123/random_mc2_n5_mid3_d1000_05_mr098_r10_162.uai
../models/synthetic/s123/random_mc2_n5_mid3_d1000_05_mr098_r10_163.uai
../models/synthetic/s123/random_mc2_n5_mid3_d1000_05_mr098_r10_164.uai
../models/synthetic/s123/random_mc2_n5_mid3_d1000_05_mr098_r10_165.uai
../models/synthetic/s123/random_mc2_n5_mid3_d1000_05_mr098_r10_166.uai
../models/synthetic/s123/random_mc2_n5_mid3_d1000_05_mr098_r10_167.uai
../models/synthetic/s123/random_mc2_n5_mid3_d1000_05_mr098_r10_168.uai
../models/synthetic/s123/random_mc2_n5_mid3_d1000_05_mr098_r10_169.uai
../models/synthetic/s123/random_mc2_n5_mid3_d1000_05_mr098_r10_16.uai
../models/synthetic/s123/random_mc2_n5_mid3_d1000_05_mr098_r10_170.uai
../models/synthetic/s123/random_mc2_n5_mid3_d1000_05_mr098_r10_171.uai
../models/synthetic/s123/random_mc2_n5_mid3_d1000_05_mr098_r10_172.uai
../models/synthetic/s123/random_mc2_n5_mid3_d1000_05_mr098_r10_173.uai
../models/synthetic/s123/random_mc2_n5_mid3_d1000_05_mr098_r10_174.uai
../models/synthetic/s123/random_mc2_n5_mid3_d1000_05_mr098_r10_175.uai
../models/synthetic/s123/random_mc2_n5_mid3_d1000_05_mr098_r10_176.uai
../models/synthetic/s123/random_mc2_n5_mid3_d1000_05_mr098_r10_177.uai
../models/synthetic/s123/random_mc2_n5_mid3_d1000_05_mr098_r10_178.uai
../models/synthetic/s123/random_mc2_n5_mid3_d1000_05_mr098_r10_179.uai
../models/synthetic/s123/random_mc2_n5_mid3_d1000_05_mr098_r10_17.uai
../models/synthetic/s123/random_mc2_n5_mid3_d1000_05_mr098_r10_180.uai
../models/synthetic/s123/random_mc2_n5_mid3_d1000_05_mr098_r10_181.uai
../models/synthetic/s123/random_mc2_n5_mid3_d1000_05_mr098_r10_182.uai
../models/synthetic/s123/random_mc2_n5_mid3_d1000_05_mr098_r10_183.uai
../models/synthetic/s123/random_mc2_n5_mid3_d1000_05_mr098_r10_184.uai
../models/synthetic/s123/random_mc2_n5_mid3_d1000_05_mr098_r10_186.uai
../models/synthetic/s123/random_mc2_n5_mid3_d1000_05_mr098_r10_187.uai
../models/synthetic/s123/random_mc2_n5_mid3_d1000_05_mr098_r10_188.uai
../models/synthetic/s123/random_mc2_n5_mid3_d1000_05_mr098_r10_189.uai
../models/synthetic/s123/random_mc2_n5_mid3_d1000_05_mr098_r10_18.uai
../models/synthetic/s123/random_mc2_n5_mid3_d1000_05_mr098_r10_190.uai
../models/synthetic/s123/random_mc2_n5_mid3_d1000_05_mr098_r10_191.uai
../models/synthetic/s123/random_mc2_n5_mid3_d1000_05_mr098_r10_192.uai
../models/synthetic/s123/random_mc2_n5_mid3_d1000_05_mr098_r10_193.uai
../models/synthetic/s123/random_mc2_n5_mid3_d1000_05_mr098_r10_194.uai
../models/synthetic/s123/random_mc2_n5_mid3_d1000_05_mr098_r10_195.uai
../models/synthetic/s123/random_mc2_n5_mid3_d1000_05_mr098_r10_196.uai
../models/synthetic/s123/random_mc2_n5_mid3_d1000_05_mr098_r10_197.uai
../models/synthetic/s123/random_mc2_n5_mid3_d1000_05_mr098_r10_198.uai
../models/synthetic/s123/random_mc2_n5_mid3_d1000_05_mr098_r10_19.uai
../models/synthetic/s123/random_mc2_n5_mid3_d1000_05_mr098_r10_200.uai
../models/synthetic/s123/random_mc2_n5_mid3_d1000_05_mr098_r10_20.uai
../models/synthetic/s123/random_mc2_n5_mid3_d1000_05_mr098_r10_22.uai
../models/synthetic/s123/random_mc2_n5_mid3_d1000_05_mr098_r10_23.uai
../models/synthetic/s123/random_mc2_n5_mid3_d1000_05_mr098_r10_24.uai
../models/synthetic/s123/random_mc2_n5_mid3_d1000_05_mr098_r10_25.uai
../models/synthetic/s123/random_mc2_n5_mid3_d1000_05_mr098_r10_26.uai
../models/synthetic/s123/random_mc2_n5_mid3_d1000_05_mr098_r10_27.uai
../models/synthetic/s123/random_mc2_n5_mid3_d1000_05_mr098_r10_28.uai
../models/synthetic/s123/random_mc2_n5_mid3_d1000_05_mr098_r10_29.uai
../models/synthetic/s123/random_mc2_n5_mid3_d1000_05_mr098_r10_2.uai
../models/synthetic/s123/random_mc2_n5_mid3_d1000_05_mr098_r10_31.uai
../models/synthetic/s123/random_mc2_n5_mid3_d1000_05_mr098_r10_34.uai
../models/synthetic/s123/random_mc2_n5_mid3_d1000_05_mr098_r10_35.uai
../models/synthetic/s123/random_mc2_n5_mid3_d1000_05_mr098_r10_37.uai
../models/synthetic/s123/random_mc2_n5_mid3_d1000_05_mr098_r10_38.uai
../models/synthetic/s123/random_mc2_n5_mid3_d1000_05_mr098_r10_39.uai
../models/synthetic/s123/random_mc2_n5_mid3_d1000_05_mr098_r10_40.uai
../models/synthetic/s123/random_mc2_n5_mid3_d1000_05_mr098_r10_41.uai
../models/synthetic/s123/random_mc2_n5_mid3_d1000_05_mr098_r10_42.uai
../models/synthetic/s123/random_mc2_n5_mid3_d1000_05_mr098_r10_43.uai
../models/synthetic/s123/random_mc2_n5_mid3_d1000_05_mr098_r10_44.uai
../models/synthetic/s123/random_mc2_n5_mid3_d1000_05_mr098_r10_45.uai
../models/synthetic/s123/random_mc2_n5_mid3_d1000_05_mr098_r10_46.uai
../models/synthetic/s123/random_mc2_n5_mid3_d1000_05_mr098_r10_47.uai
../models/synthetic/s123/random_mc2_n5_mid3_d1000_05_mr098_r10_48.uai
../models/synthetic/s123/random_mc2_n5_mid3_d1000_05_mr098_r10_49.uai
../models/synthetic/s123/random_mc2_n5_mid3_d1000_05_mr098_r10_4.uai
../models/synthetic/s123/random_mc2_n5_mid3_d1000_05_mr098_r10_51.uai
../models/synthetic/s123/random_mc2_n5_mid3_d1000_05_mr098_r10_53.uai
../models/synthetic/s123/random_mc2_n5_mid3_d1000_05_mr098_r10_55.uai
../models/synthetic/s123/random_mc2_n5_mid3_d1000_05_mr098_r10_56.uai
../models/synthetic/s123/random_mc2_n5_mid3_d1000_05_mr098_r10_58.uai
../models/synthetic/s123/random_mc2_n5_mid3_d1000_05_mr098_r10_59.uai
../models/synthetic/s123/random_mc2_n5_mid3_d1000_05_mr098_r10_60.uai
../models/synthetic/s123/random_mc2_n5_mid3_d1000_05_mr098_r10_61.uai
../models/synthetic/s123/random_mc2_n5_mid3_d1000_05_mr098_r10_62.uai
../models/synthetic/s123/random_mc2_n5_mid3_d1000_05_mr098_r10_63.uai
../models/synthetic/s123/random_mc2_n5_mid3_d1000_05_mr098_r10_66.uai
../models/synthetic/s123/random_mc2_n5_mid3_d1000_05_mr098_r10_67.uai
../models/synthetic/s123/random_mc2_n5_mid3_d1000_05_mr098_r10_68.uai
../models/synthetic/s123/random_mc2_n5_mid3_d1000_05_mr098_r10_6.uai
../models/synthetic/s123/random_mc2_n5_mid3_d1000_05_mr098_r10_71.uai
../models/synthetic/s123/random_mc2_n5_mid3_d1000_05_mr098_r10_74.uai
../models/synthetic/s123/random_mc2_n5_mid3_d1000_05_mr098_r10_75.uai
../models/synthetic/s123/random_mc2_n5_mid3_d1000_05_mr098_r10_77.uai
../models/synthetic/s123/random_mc2_n5_mid3_d1000_05_mr098_r10_78.uai
../models/synthetic/s123/random_mc2_n5_mid3_d1000_05_mr098_r10_79.uai
../models/synthetic/s123/random_mc2_n5_mid3_d1000_05_mr098_r10_80.uai
../models/synthetic/s123/random_mc2_n5_mid3_d1000_05_mr098_r10_81.uai
../models/synthetic/s123/random_mc2_n5_mid3_d1000_05_mr098_r10_82.uai
../models/synthetic/s123/random_mc2_n5_mid3_d1000_05_mr098_r10_83.uai
../models/synthetic/s123/random_mc2_n5_mid3_d1000_05_mr098_r10_84.uai
../models/synthetic/s123/random_mc2_n5_mid3_d1000_05_mr098_r10_85.uai
../models/synthetic/s123/random_mc2_n5_mid3_d1000_05_mr098_r10_86.uai
../models/synthetic/s123/random_mc2_n5_mid3_d1000_05_mr098_r10_87.uai
../models/synthetic/s123/random_mc2_n5_mid3_d1000_05_mr098_r10_89.uai
../models/synthetic/s123/random_mc2_n5_mid3_d1000_05_mr098_r10_8.uai
../models/synthetic/s123/random_mc2_n5_mid3_d1000_05_mr098_r10_90.uai
../models/synthetic/s123/random_mc2_n5_mid3_d1000_05_mr098_r10_95.uai
../models/synthetic/s123/random_mc2_n5_mid3_d1000_05_mr098_r10_99.uai
../models/synthetic/s123/random_mc2_n6_mid3_d1000_05_mr098_r10_100.uai
../models/synthetic/s123/random_mc2_n6_mid3_d1000_05_mr098_r10_101.uai
../models/synthetic/s123/random_mc2_n6_mid3_d1000_05_mr098_r10_103.uai
../models/synthetic/s123/random_mc2_n6_mid3_d1000_05_mr098_r10_104.uai
../models/synthetic/s123/random_mc2_n6_mid3_d1000_05_mr098_r10_105.uai
../models/synthetic/s123/random_mc2_n6_mid3_d1000_05_mr098_r10_107.uai
../models/synthetic/s123/random_mc2_n6_mid3_d1000_05_mr098_r10_108.uai
../models/synthetic/s123/random_mc2_n6_mid3_d1000_05_mr098_r10_109.uai
../models/synthetic/s123/random_mc2_n6_mid3_d1000_05_mr098_r10_10.uai
../models/synthetic/s123/random_mc2_n6_mid3_d1000_05_mr098_r10_110.uai
../models/synthetic/s123/random_mc2_n6_mid3_d1000_05_mr098_r10_111.uai
../models/synthetic/s123/random_mc2_n6_mid3_d1000_05_mr098_r10_112.uai
../models/synthetic/s123/random_mc2_n6_mid3_d1000_05_mr098_r10_113.uai
../models/synthetic/s123/random_mc2_n6_mid3_d1000_05_mr098_r10_115.uai
../models/synthetic/s123/random_mc2_n6_mid3_d1000_05_mr098_r10_116.uai
../models/synthetic/s123/random_mc2_n6_mid3_d1000_05_mr098_r10_117.uai
../models/synthetic/s123/random_mc2_n6_mid3_d1000_05_mr098_r10_119.uai
../models/synthetic/s123/random_mc2_n6_mid3_d1000_05_mr098_r10_11.uai
../models/synthetic/s123/random_mc2_n6_mid3_d1000_05_mr098_r10_121.uai
../models/synthetic/s123/random_mc2_n6_mid3_d1000_05_mr098_r10_125.uai
../models/synthetic/s123/random_mc2_n6_mid3_d1000_05_mr098_r10_126.uai
../models/synthetic/s123/random_mc2_n6_mid3_d1000_05_mr098_r10_127.uai
../models/synthetic/s123/random_mc2_n6_mid3_d1000_05_mr098_r10_128.uai
../models/synthetic/s123/random_mc2_n6_mid3_d1000_05_mr098_r10_12.uai
../models/synthetic/s123/random_mc2_n6_mid3_d1000_05_mr098_r10_133.uai
../models/synthetic/s123/random_mc2_n6_mid3_d1000_05_mr098_r10_134.uai
../models/synthetic/s123/random_mc2_n6_mid3_d1000_05_mr098_r10_135.uai
../models/synthetic/s123/random_mc2_n6_mid3_d1000_05_mr098_r10_136.uai
../models/synthetic/s123/random_mc2_n6_mid3_d1000_05_mr098_r10_137.uai
../models/synthetic/s123/random_mc2_n6_mid3_d1000_05_mr098_r10_139.uai
../models/synthetic/s123/random_mc2_n6_mid3_d1000_05_mr098_r10_13.uai
../models/synthetic/s123/random_mc2_n6_mid3_d1000_05_mr098_r10_140.uai
../models/synthetic/s123/random_mc2_n6_mid3_d1000_05_mr098_r10_141.uai
../models/synthetic/s123/random_mc2_n6_mid3_d1000_05_mr098_r10_142.uai
../models/synthetic/s123/random_mc2_n6_mid3_d1000_05_mr098_r10_143.uai
../models/synthetic/s123/random_mc2_n6_mid3_d1000_05_mr098_r10_144.uai
../models/synthetic/s123/random_mc2_n6_mid3_d1000_05_mr098_r10_145.uai
../models/synthetic/s123/random_mc2_n6_mid3_d1000_05_mr098_r10_146.uai
../models/synthetic/s123/random_mc2_n6_mid3_d1000_05_mr098_r10_147.uai
../models/synthetic/s123/random_mc2_n6_mid3_d1000_05_mr098_r10_148.uai
../models/synthetic/s123/random_mc2_n6_mid3_d1000_05_mr098_r10_149.uai
../models/synthetic/s123/random_mc2_n6_mid3_d1000_05_mr098_r10_150.uai
../models/synthetic/s123/random_mc2_n6_mid3_d1000_05_mr098_r10_151.uai
../models/synthetic/s123/random_mc2_n6_mid3_d1000_05_mr098_r10_152.uai
../models/synthetic/s123/random_mc2_n6_mid3_d1000_05_mr098_r10_153.uai
../models/synthetic/s123/random_mc2_n6_mid3_d1000_05_mr098_r10_154.uai
../models/synthetic/s123/random_mc2_n6_mid3_d1000_05_mr098_r10_156.uai
../models/synthetic/s123/random_mc2_n6_mid3_d1000_05_mr098_r10_158.uai
../models/synthetic/s123/random_mc2_n6_mid3_d1000_05_mr098_r10_159.uai
../models/synthetic/s123/random_mc2_n6_mid3_d1000_05_mr098_r10_15.uai
../models/synthetic/s123/random_mc2_n6_mid3_d1000_05_mr098_r10_160.uai
../models/synthetic/s123/random_mc2_n6_mid3_d1000_05_mr098_r10_162.uai
../models/synthetic/s123/random_mc2_n6_mid3_d1000_05_mr098_r10_163.uai
../models/synthetic/s123/random_mc2_n6_mid3_d1000_05_mr098_r10_164.uai
../models/synthetic/s123/random_mc2_n6_mid3_d1000_05_mr098_r10_165.uai
../models/synthetic/s123/random_mc2_n6_mid3_d1000_05_mr098_r10_167.uai
../models/synthetic/s123/random_mc2_n6_mid3_d1000_05_mr098_r10_168.uai
../models/synthetic/s123/random_mc2_n6_mid3_d1000_05_mr098_r10_169.uai
../models/synthetic/s123/random_mc2_n6_mid3_d1000_05_mr098_r10_172.uai
../models/synthetic/s123/random_mc2_n6_mid3_d1000_05_mr098_r10_173.uai
../models/synthetic/s123/random_mc2_n6_mid3_d1000_05_mr098_r10_174.uai
../models/synthetic/s123/random_mc2_n6_mid3_d1000_05_mr098_r10_175.uai
../models/synthetic/s123/random_mc2_n6_mid3_d1000_05_mr098_r10_177.uai
../models/synthetic/s123/random_mc2_n6_mid3_d1000_05_mr098_r10_178.uai
../models/synthetic/s123/random_mc2_n6_mid3_d1000_05_mr098_r10_179.uai
../models/synthetic/s123/random_mc2_n6_mid3_d1000_05_mr098_r10_17.uai
../models/synthetic/s123/random_mc2_n6_mid3_d1000_05_mr098_r10_180.uai
../models/synthetic/s123/random_mc2_n6_mid3_d1000_05_mr098_r10_181.uai
../models/synthetic/s123/random_mc2_n6_mid3_d1000_05_mr098_r10_182.uai
../models/synthetic/s123/random_mc2_n6_mid3_d1000_05_mr098_r10_184.uai
../models/synthetic/s123/random_mc2_n6_mid3_d1000_05_mr098_r10_185.uai
../models/synthetic/s123/random_mc2_n6_mid3_d1000_05_mr098_r10_186.uai
../models/synthetic/s123/random_mc2_n6_mid3_d1000_05_mr098_r10_187.uai
../models/synthetic/s123/random_mc2_n6_mid3_d1000_05_mr098_r10_189.uai
../models/synthetic/s123/random_mc2_n6_mid3_d1000_05_mr098_r10_18.uai
../models/synthetic/s123/random_mc2_n6_mid3_d1000_05_mr098_r10_190.uai
../models/synthetic/s123/random_mc2_n6_mid3_d1000_05_mr098_r10_193.uai
../models/synthetic/s123/random_mc2_n6_mid3_d1000_05_mr098_r10_194.uai
../models/synthetic/s123/random_mc2_n6_mid3_d1000_05_mr098_r10_195.uai
../models/synthetic/s123/random_mc2_n6_mid3_d1000_05_mr098_r10_197.uai
../models/synthetic/s123/random_mc2_n6_mid3_d1000_05_mr098_r10_19.uai
../models/synthetic/s123/random_mc2_n6_mid3_d1000_05_mr098_r10_1.uai
../models/synthetic/s123/random_mc2_n6_mid3_d1000_05_mr098_r10_200.uai
../models/synthetic/s123/random_mc2_n6_mid3_d1000_05_mr098_r10_20.uai
../models/synthetic/s123/random_mc2_n6_mid3_d1000_05_mr098_r10_21.uai
../models/synthetic/s123/random_mc2_n6_mid3_d1000_05_mr098_r10_22.uai
../models/synthetic/s123/random_mc2_n6_mid3_d1000_05_mr098_r10_23.uai
../models/synthetic/s123/random_mc2_n6_mid3_d1000_05_mr098_r10_24.uai
../models/synthetic/s123/random_mc2_n6_mid3_d1000_05_mr098_r10_25.uai
../models/synthetic/s123/random_mc2_n6_mid3_d1000_05_mr098_r10_27.uai
../models/synthetic/s123/random_mc2_n6_mid3_d1000_05_mr098_r10_28.uai
../models/synthetic/s123/random_mc2_n6_mid3_d1000_05_mr098_r10_2.uai
../models/synthetic/s123/random_mc2_n6_mid3_d1000_05_mr098_r10_36.uai
../models/synthetic/s123/random_mc2_n6_mid3_d1000_05_mr098_r10_38.uai
../models/synthetic/s123/random_mc2_n6_mid3_d1000_05_mr098_r10_40.uai
../models/synthetic/s123/random_mc2_n6_mid3_d1000_05_mr098_r10_41.uai
../models/synthetic/s123/random_mc2_n6_mid3_d1000_05_mr098_r10_42.uai
../models/synthetic/s123/random_mc2_n6_mid3_d1000_05_mr098_r10_44.uai
../models/synthetic/s123/random_mc2_n6_mid3_d1000_05_mr098_r10_46.uai
../models/synthetic/s123/random_mc2_n6_mid3_d1000_05_mr098_r10_47.uai
../models/synthetic/s123/random_mc2_n6_mid3_d1000_05_mr098_r10_58.uai
../models/synthetic/s123/random_mc2_n6_mid3_d1000_05_mr098_r10_60.uai
../models/synthetic/s123/random_mc2_n6_mid3_d1000_05_mr098_r10_68.uai
../models/synthetic/s123/random_mc2_n6_mid3_d1000_05_mr098_r10_71.uai
../models/synthetic/s123/random_mc2_n6_mid3_d1000_05_mr098_r10_72.uai
../models/synthetic/s123/random_mc2_n6_mid3_d1000_05_mr098_r10_79.uai
../models/synthetic/s123/random_mc2_n6_mid3_d1000_05_mr098_r10_80.uai
../models/synthetic/s123/random_mc2_n6_mid3_d1000_05_mr098_r10_81.uai
../models/synthetic/s123/random_mc2_n6_mid3_d1000_05_mr098_r10_82.uai
../models/synthetic/s123/random_mc2_n6_mid3_d1000_05_mr098_r10_85.uai
../models/synthetic/s123/random_mc2_n6_mid3_d1000_05_mr098_r10_86.uai
../models/synthetic/s123/random_mc2_n6_mid3_d1000_05_mr098_r10_87.uai
../models/synthetic/s123/random_mc2_n6_mid3_d1000_05_mr098_r10_88.uai
../models/synthetic/s123/random_mc2_n6_mid3_d1000_05_mr098_r10_89.uai
../models/synthetic/s123/random_mc2_n6_mid3_d1000_05_mr098_r10_8.uai
../models/synthetic/s123/random_mc2_n6_mid3_d1000_05_mr098_r10_91.uai
../models/synthetic/s123/random_mc2_n6_mid3_d1000_05_mr098_r10_94.uai
../models/synthetic/s123/random_mc2_n6_mid3_d1000_05_mr098_r10_95.uai
../models/synthetic/s123/random_mc2_n6_mid3_d1000_05_mr098_r10_96.uai
../models/synthetic/s123/random_mc2_n6_mid3_d1000_05_mr098_r10_99.uai
../models/synthetic/s123/random_mc2_n7_mid3_d1000_05_mr098_r10_120.uai
../models/synthetic/s123/random_mc2_n7_mid3_d1000_05_mr098_r10_123.uai
../models/synthetic/s123/random_mc2_n7_mid3_d1000_05_mr098_r10_126.uai
../models/synthetic/s123/random_mc2_n7_mid3_d1000_05_mr098_r10_127.uai
../models/synthetic/s123/random_mc2_n7_mid3_d1000_05_mr098_r10_131.uai
../models/synthetic/s123/random_mc2_n7_mid3_d1000_05_mr098_r10_139.uai
../models/synthetic/s123/random_mc2_n7_mid3_d1000_05_mr098_r10_145.uai
../models/synthetic/s123/random_mc2_n7_mid3_d1000_05_mr098_r10_150.uai
../models/synthetic/s123/random_mc2_n7_mid3_d1000_05_mr098_r10_153.uai
../models/synthetic/s123/random_mc2_n7_mid3_d1000_05_mr098_r10_154.uai
../models/synthetic/s123/random_mc2_n7_mid3_d1000_05_mr098_r10_155.uai
../models/synthetic/s123/random_mc2_n7_mid3_d1000_05_mr098_r10_159.uai
../models/synthetic/s123/random_mc2_n7_mid3_d1000_05_mr098_r10_15.uai
../models/synthetic/s123/random_mc2_n7_mid3_d1000_05_mr098_r10_163.uai
../models/synthetic/s123/random_mc2_n7_mid3_d1000_05_mr098_r10_170.uai
../models/synthetic/s123/random_mc2_n7_mid3_d1000_05_mr098_r10_177.uai
../models/synthetic/s123/random_mc2_n7_mid3_d1000_05_mr098_r10_184.uai
../models/synthetic/s123/random_mc2_n7_mid3_d1000_05_mr098_r10_185.uai
../models/synthetic/s123/random_mc2_n7_mid3_d1000_05_mr098_r10_194.uai
../models/synthetic/s123/random_mc2_n7_mid3_d1000_05_mr098_r10_195.uai
../models/synthetic/s123/random_mc2_n7_mid3_d1000_05_mr098_r10_196.uai
../models/synthetic/s123/random_mc2_n7_mid3_d1000_05_mr098_r10_197.uai
../models/synthetic/s123/random_mc2_n7_mid3_d1000_05_mr098_r10_199.uai
../models/synthetic/s123/random_mc2_n7_mid3_d1000_05_mr098_r10_19.uai
../models/synthetic/s123/random_mc2_n7_mid3_d1000_05_mr098_r10_20.uai
../models/synthetic/s123/random_mc2_n7_mid3_d1000_05_mr098_r10_22.uai
../models/synthetic/s123/random_mc2_n7_mid3_d1000_05_mr098_r10_24.uai
../models/synthetic/s123/random_mc2_n7_mid3_d1000_05_mr098_r10_25.uai
../models/synthetic/s123/random_mc2_n7_mid3_d1000_05_mr098_r10_28.uai
../models/synthetic/s123/random_mc2_n7_mid3_d1000_05_mr098_r10_29.uai
../models/synthetic/s123/random_mc2_n7_mid3_d1000_05_mr098_r10_2.uai
../models/synthetic/s123/random_mc2_n7_mid3_d1000_05_mr098_r10_34.uai
../models/synthetic/s123/random_mc2_n7_mid3_d1000_05_mr098_r10_36.uai
../models/synthetic/s123/random_mc2_n7_mid3_d1000_05_mr098_r10_37.uai
../models/synthetic/s123/random_mc2_n7_mid3_d1000_05_mr098_r10_39.uai
../models/synthetic/s123/random_mc2_n7_mid3_d1000_05_mr098_r10_40.uai
../models/synthetic/s123/random_mc2_n7_mid3_d1000_05_mr098_r10_42.uai
../models/synthetic/s123/random_mc2_n7_mid3_d1000_05_mr098_r10_46.uai
../models/synthetic/s123/random_mc2_n7_mid3_d1000_05_mr098_r10_47.uai
../models/synthetic/s123/random_mc2_n7_mid3_d1000_05_mr098_r10_49.uai
../models/synthetic/s123/random_mc2_n7_mid3_d1000_05_mr098_r10_51.uai
../models/synthetic/s123/random_mc2_n7_mid3_d1000_05_mr098_r10_53.uai
../models/synthetic/s123/random_mc2_n7_mid3_d1000_05_mr098_r10_54.uai
../models/synthetic/s123/random_mc2_n7_mid3_d1000_05_mr098_r10_55.uai
../models/synthetic/s123/random_mc2_n7_mid3_d1000_05_mr098_r10_56.uai
../models/synthetic/s123/random_mc2_n7_mid3_d1000_05_mr098_r10_59.uai
../models/synthetic/s123/random_mc2_n7_mid3_d1000_05_mr098_r10_5.uai
../models/synthetic/s123/random_mc2_n7_mid3_d1000_05_mr098_r10_60.uai
../models/synthetic/s123/random_mc2_n7_mid3_d1000_05_mr098_r10_61.uai
../models/synthetic/s123/random_mc2_n7_mid3_d1000_05_mr098_r10_62.uai
../models/synthetic/s123/random_mc2_n7_mid3_d1000_05_mr098_r10_65.uai
../models/synthetic/s123/random_mc2_n7_mid3_d1000_05_mr098_r10_68.uai
../models/synthetic/s123/random_mc2_n7_mid3_d1000_05_mr098_r10_69.uai
../models/synthetic/s123/random_mc2_n7_mid3_d1000_05_mr098_r10_6.uai
../models/synthetic/s123/random_mc2_n7_mid3_d1000_05_mr098_r10_80.uai
../models/synthetic/s123/random_mc2_n7_mid3_d1000_05_mr098_r10_81.uai
../models/synthetic/s123/random_mc2_n7_mid3_d1000_05_mr098_r10_89.uai
../models/synthetic/s123/random_mc2_n7_mid3_d1000_05_mr098_r10_90.uai
../models/synthetic/s123/random_mc2_n7_mid3_d1000_05_mr098_r10_91.uai
../models/synthetic/s123/random_mc2_n7_mid3_d1000_05_mr098_r10_92.uai
../models/synthetic/s123/random_mc2_n7_mid3_d1000_05_mr098_r10_93.uai
../models/synthetic/s123/random_mc2_n7_mid3_d1000_05_mr098_r10_95.uai
../models/synthetic/s123/random_mc2_n7_mid3_d1000_05_mr098_r10_96.uai
../models/synthetic/s123/random_mc2_n7_mid3_d1000_05_mr098_r10_97.uai
../models/synthetic/s123/random_mc2_n7_mid3_d1000_05_mr098_r10_98.uai
../models/synthetic/s123/random_mc2_n7_mid3_d1000_05_mr098_r10_9.uai
../models/synthetic/s123/random_mc2_n8_mid3_d1000_05_mr098_r10_116.uai
../models/synthetic/s123/random_mc2_n8_mid3_d1000_05_mr098_r10_118.uai
../models/synthetic/s123/random_mc2_n8_mid3_d1000_05_mr098_r10_119.uai
../models/synthetic/s123/random_mc2_n8_mid3_d1000_05_mr098_r10_121.uai
../models/synthetic/s123/random_mc2_n8_mid3_d1000_05_mr098_r10_122.uai
../models/synthetic/s123/random_mc2_n8_mid3_d1000_05_mr098_r10_125.uai
../models/synthetic/s123/random_mc2_n8_mid3_d1000_05_mr098_r10_127.uai
../models/synthetic/s123/random_mc2_n8_mid3_d1000_05_mr098_r10_12.uai
../models/synthetic/s123/random_mc2_n8_mid3_d1000_05_mr098_r10_131.uai
../models/synthetic/s123/random_mc2_n8_mid3_d1000_05_mr098_r10_134.uai
../models/synthetic/s123/random_mc2_n8_mid3_d1000_05_mr098_r10_13.uai
../models/synthetic/s123/random_mc2_n8_mid3_d1000_05_mr098_r10_146.uai
../models/synthetic/s123/random_mc2_n8_mid3_d1000_05_mr098_r10_151.uai
../models/synthetic/s123/random_mc2_n8_mid3_d1000_05_mr098_r10_152.uai
../models/synthetic/s123/random_mc2_n8_mid3_d1000_05_mr098_r10_153.uai
../models/synthetic/s123/random_mc2_n8_mid3_d1000_05_mr098_r10_156.uai
../models/synthetic/s123/random_mc2_n8_mid3_d1000_05_mr098_r10_159.uai
../models/synthetic/s123/random_mc2_n8_mid3_d1000_05_mr098_r10_160.uai
../models/synthetic/s123/random_mc2_n8_mid3_d1000_05_mr098_r10_169.uai
../models/synthetic/s123/random_mc2_n8_mid3_d1000_05_mr098_r10_16.uai
../models/synthetic/s123/random_mc2_n8_mid3_d1000_05_mr098_r10_173.uai
../models/synthetic/s123/random_mc2_n8_mid3_d1000_05_mr098_r10_174.uai
../models/synthetic/s123/random_mc2_n8_mid3_d1000_05_mr098_r10_175.uai
../models/synthetic/s123/random_mc2_n8_mid3_d1000_05_mr098_r10_177.uai
../models/synthetic/s123/random_mc2_n8_mid3_d1000_05_mr098_r10_188.uai
../models/synthetic/s123/random_mc2_n8_mid3_d1000_05_mr098_r10_189.uai
../models/synthetic/s123/random_mc2_n8_mid3_d1000_05_mr098_r10_190.uai
../models/synthetic/s123/random_mc2_n8_mid3_d1000_05_mr098_r10_191.uai
../models/synthetic/s123/random_mc2_n8_mid3_d1000_05_mr098_r10_1.uai
../models/synthetic/s123/random_mc2_n8_mid3_d1000_05_mr098_r10_26.uai
../models/synthetic/s123/random_mc2_n8_mid3_d1000_05_mr098_r10_28.uai
../models/synthetic/s123/random_mc2_n8_mid3_d1000_05_mr098_r10_29.uai
../models/synthetic/s123/random_mc2_n8_mid3_d1000_05_mr098_r10_2.uai
../models/synthetic/s123/random_mc2_n8_mid3_d1000_05_mr098_r10_30.uai
../models/synthetic/s123/random_mc2_n8_mid3_d1000_05_mr098_r10_32.uai
../models/synthetic/s123/random_mc2_n8_mid3_d1000_05_mr098_r10_35.uai
../models/synthetic/s123/random_mc2_n8_mid3_d1000_05_mr098_r10_38.uai
../models/synthetic/s123/random_mc2_n8_mid3_d1000_05_mr098_r10_39.uai
../models/synthetic/s123/random_mc2_n8_mid3_d1000_05_mr098_r10_3.uai
../models/synthetic/s123/random_mc2_n8_mid3_d1000_05_mr098_r10_48.uai
../models/synthetic/s123/random_mc2_n8_mid3_d1000_05_mr098_r10_63.uai
../models/synthetic/s123/random_mc2_n8_mid3_d1000_05_mr098_r10_76.uai
../models/synthetic/s123/random_mc2_n9_mid3_d1000_05_mr098_r10_104.uai
../models/synthetic/s123/random_mc2_n9_mid3_d1000_05_mr098_r10_107.uai
../models/synthetic/s123/random_mc2_n9_mid3_d1000_05_mr098_r10_10.uai
../models/synthetic/s123/random_mc2_n9_mid3_d1000_05_mr098_r10_116.uai
../models/synthetic/s123/random_mc2_n9_mid3_d1000_05_mr098_r10_118.uai
../models/synthetic/s123/random_mc2_n9_mid3_d1000_05_mr098_r10_119.uai
../models/synthetic/s123/random_mc2_n9_mid3_d1000_05_mr098_r10_11.uai
../models/synthetic/s123/random_mc2_n9_mid3_d1000_05_mr098_r10_121.uai
../models/synthetic/s123/random_mc2_n9_mid3_d1000_05_mr098_r10_122.uai
../models/synthetic/s123/random_mc2_n9_mid3_d1000_05_mr098_r10_126.uai
../models/synthetic/s123/random_mc2_n9_mid3_d1000_05_mr098_r10_12.uai
../models/synthetic/s123/random_mc2_n9_mid3_d1000_05_mr098_r10_132.uai
../models/synthetic/s123/random_mc2_n9_mid3_d1000_05_mr098_r10_133.uai
../models/synthetic/s123/random_mc2_n9_mid3_d1000_05_mr098_r10_134.uai
../models/synthetic/s123/random_mc2_n9_mid3_d1000_05_mr098_r10_136.uai
../models/synthetic/s123/random_mc2_n9_mid3_d1000_05_mr098_r10_137.uai
../models/synthetic/s123/random_mc2_n9_mid3_d1000_05_mr098_r10_138.uai
../models/synthetic/s123/random_mc2_n9_mid3_d1000_05_mr098_r10_140.uai
../models/synthetic/s123/random_mc2_n9_mid3_d1000_05_mr098_r10_141.uai
../models/synthetic/s123/random_mc2_n9_mid3_d1000_05_mr098_r10_146.uai
../models/synthetic/s123/random_mc2_n9_mid3_d1000_05_mr098_r10_152.uai
../models/synthetic/s123/random_mc2_n9_mid3_d1000_05_mr098_r10_160.uai
../models/synthetic/s123/random_mc2_n9_mid3_d1000_05_mr098_r10_162.uai
../models/synthetic/s123/random_mc2_n9_mid3_d1000_05_mr098_r10_163.uai
../models/synthetic/s123/random_mc2_n9_mid3_d1000_05_mr098_r10_166.uai
../models/synthetic/s123/random_mc2_n9_mid3_d1000_05_mr098_r10_168.uai
../models/synthetic/s123/random_mc2_n9_mid3_d1000_05_mr098_r10_176.uai
../models/synthetic/s123/random_mc2_n9_mid3_d1000_05_mr098_r10_177.uai
../models/synthetic/s123/random_mc2_n9_mid3_d1000_05_mr098_r10_182.uai
../models/synthetic/s123/random_mc2_n9_mid3_d1000_05_mr098_r10_184.uai
../models/synthetic/s123/random_mc2_n9_mid3_d1000_05_mr098_r10_192.uai
../models/synthetic/s123/random_mc2_n9_mid3_d1000_05_mr098_r10_198.uai
../models/synthetic/s123/random_mc2_n9_mid3_d1000_05_mr098_r10_1.uai
../models/synthetic/s123/random_mc2_n9_mid3_d1000_05_mr098_r10_200.uai
../models/synthetic/s123/random_mc2_n9_mid3_d1000_05_mr098_r10_20.uai
../models/synthetic/s123/random_mc2_n9_mid3_d1000_05_mr098_r10_25.uai
../models/synthetic/s123/random_mc2_n9_mid3_d1000_05_mr098_r10_27.uai
../models/synthetic/s123/random_mc2_n9_mid3_d1000_05_mr098_r10_28.uai
../models/synthetic/s123/random_mc2_n9_mid3_d1000_05_mr098_r10_29.uai
../models/synthetic/s123/random_mc2_n9_mid3_d1000_05_mr098_r10_2.uai
../models/synthetic/s123/random_mc2_n9_mid3_d1000_05_mr098_r10_32.uai
../models/synthetic/s123/random_mc2_n9_mid3_d1000_05_mr098_r10_42.uai
../models/synthetic/s123/random_mc2_n9_mid3_d1000_05_mr098_r10_45.uai
../models/synthetic/s123/random_mc2_n9_mid3_d1000_05_mr098_r10_91.uai
2025-09-16 13:05:11,471|INFO|experiments.py: Number of available workers: 64
2025-09-16 13:05:11,475|INFO|experiments.py: Processing random_mc2_n6_mid3_d1000_05_mr098_r10_85.uai (0 out of 0) ...
2025-09-16 13:05:11,476|INFO|experiments.py: (200, '../models/synthetic/s123/random_mc2_n6_mid3_d1000_05_mr098_r10_85.uai', '../results/synthetic/s123/', 1, 1, True, 'EMCC', 25, None)
Processing: seed=1, remove_outliers=True, method='EMCC', max_iter=25, tol=None
../models/synthetic/s123/random_mc2_n6_mid3_d1000_05_mr098_r10_85_uai_ccve.csv does not exists, skipping ...
slurmstepd: error: *** JOB 242091 ON nodo03 CANCELLED AT 2025-09-16T13:05:17 ***
